{
    "cutadapt_fastqs": {
        "content": [
            "ERR2537816_1.trim.fastq.gz:md5,e9c82243f237a047eb2e095ed08da2f8",
            "ERR2537816_2.trim.fastq.gz:md5,757f99993765c836965d6633bfbb5c97"
        ],
        "meta": {
            "nf-test": "0.8.4",
            "nextflow": "23.10.1"
        },
        "timestamp": "2024-04-05T11:14:03.65794141"
    }
}