{
    "Should run without failures": {
        "content": [
            {
                "0": [
                    [
                        {
                            "id": "ERR2537816",
                            "single_end": false
                        },
                        "ERR2537816.tsv:md5,84351a56e4ddf56df7403c9ffefa0f1b"
                    ]
                ],
                "1": [
                    "versions.yml:md5,6584e256329124c6abe9e76715edfe92"
                ],
                "tsv": [
                    [
                        {
                            "id": "ERR2537816",
                            "single_end": false
                        },
                        "ERR2537816.tsv:md5,84351a56e4ddf56df7403c9ffefa0f1b"
                    ]
                ],
                "versions": [
                    "versions.yml:md5,6584e256329124c6abe9e76715edfe92"
                ]
            }
        ],
        "meta": {
            "nf-test": "0.8.4",
            "nextflow": "23.10.1"
        },
        "timestamp": "2024-04-04T12:52:09.921597141"
    }
}